// Jest Snapshot v1, https://goo.gl/fbAQLP

exports[`CollectionPreview component should render Preview Collection component 1`] = `undefined`;
